// Jest Snapshot v1, https://goo.gl/fbAQLP

exports[`properly maps spots and containers 1`] = `
Array [
  Object {
    "address": "Plzeňská 608/71, naproti",
    "containers": Array [
      Object {
        "clearDay": "středa",
        "type": "Plast",
        "uid": "1",
      },
    ],
    "location": Object {
      "latitude": 48.990644999,
      "longitude": 14.463385,
    },
    "uid": "Plzeňská 608/71, naproti",
  },
]
`;
